[www.covid19india.org/index.html]
[www.googletagmanager.com/gtm1c47.js]
[www.covid19india.org/favicon.ico]
[www.covid19india.org/logo192.png]
[www.covid19india.org/manifest.json]
[www.covid19india.org/apple-touch-icon.png]
[www.covid19india.org/favicon-32x32.png]
[www.covid19india.org/favicon-16x16.png]
[www.covid19india.org/site.webmanifest]
[backblue.gif]
[fade.gif]
[index.html]
[www.covid19india.org/fonts/Archia/archia-semibold-webfont.woff2]
[www.covid19india.org/fonts/Archia/archia-medium-webfont.woff2]
[www.covid19india.org/fonts/Archia/archia-bold-webfont.woff2]
[www.covid19india.org/fonts/Archia/archia-semibold-webfont.eot]
[www.covid19india.org/fonts/Archia/archia-semibold-webfontd41d.eot]
[www.covid19india.org/fonts/Archia/archia-semibold-webfont.woff]
[www.covid19india.org/fonts/Archia/archia-semibold-webfont.ttf]
[www.covid19india.org/fonts/Archia/archia-medium-webfont.eot]
[www.covid19india.org/fonts/Archia/archia-medium-webfontd41d.eot]
[www.covid19india.org/fonts/Archia/archia-medium-webfont.woff]
[www.covid19india.org/fonts/Archia/archia-medium-webfont.ttf]
[www.covid19india.org/fonts/Archia/archia-bold-webfont.eot]
[www.covid19india.org/fonts/Archia/archia-bold-webfontd41d.eot]
[www.covid19india.org/fonts/Archia/archia-bold-webfont.woff]
[www.covid19india.org/fonts/Archia/archia-bold-webfont.ttf]
[www.covid19india.org/static/css/2.93b3b32d.chunk.css]
[www.covid19india.org/static/css/main.0a333d73.chunk.css]
[www.covid19india.org/index.html]
[www.covid19india.org/logo192.html]
[www.covid19india.org/static/css/2.93b3b32d.chunk.css]
[www.covid19india.org/static/js/main.9db4c367.chunk.js]
[www.covid19india.org/flags/india.png]
[www.covid19india.org/static/js/2.09333170.chunk.js]
[www.covid19india.org/flags/uk.png]
[www.covid19india.org/flags/usa.png]
[www.covid19india.org/flags/thailand.png]
[www.covid19india.org/flags/philippines.png]
[www.covid19india.org/flags/italy.png]
[www.covid19india.org/flags/canada.png]
[www.covid19india.org/flags/indonesia.png]
[www.covid19india.org/flags/myanmar.png]
[www.covid19india.org/static/css/main.0a333d73.chunk.css]
